// Jest Snapshot v1, https://goo.gl/fbAQLP

exports[`SearchForm component should render <SearchForm /> 1`] = `
<Connect(Form(SearchFormView))
  destroyOnUnmount={true}
  enableReinitialize={false}
  forceUnregisterOnUnmount={false}
  form="search"
  getFormState={[Function]}
  keepDirtyOnReinitialize={false}
  persistentSubmitErrors={false}
  pure={true}
  shouldAsyncValidate={[Function]}
  shouldError={[Function]}
  shouldValidate={[Function]}
  shouldWarn={[Function]}
  touchOnBlur={true}
  touchOnChange={false}
  validate={[Function]}
/>
`;
