// Jest Snapshot v1, https://goo.gl/fbAQLP

exports[`<Navigation /> should render <Navigation /> components 1`] = `
<Route
  render={[Function]}
/>
`;
